[debug] [2026-08-12T08:41:53.201Z] ----------------------------------------------------------------------
[debug] [2026-08-12T08:41:53.203Z] Command:       /opt/homebrew/Cellar/node/23.11.0/bin/node /Users/ermias/.npm/_npx/ba4f1959e38407b5/node_modules/.bin/firebase apphosting:backends:delete my-web-app --project fairway-379dc --force
[debug] [2026-08-12T08:41:53.204Z] CLI Version:   15.26.0
[debug] [2026-08-12T08:41:53.204Z] Platform:      darwin
[debug] [2026-08-12T08:41:53.204Z] Node Version:  v23.11.0
[debug] [2026-08-12T08:41:53.204Z] Detected Agent: codex_cli
[debug] [2026-08-12T08:41:53.204Z] Time:          Wed Aug 12 2026 11:41:53 GMT+0300 (Eastern European Summer Time)
[debug] [2026-08-12T08:41:53.204Z] ----------------------------------------------------------------------
[debug] 
[debug] [2026-08-12T08:41:53.310Z] > command requires scopes: ["email","openid","https://www.googleapis.com/auth/cloudplatformprojects.readonly","https://www.googleapis.com/auth/firebase","https://www.googleapis.com/auth/cloud-platform"]
[debug] [2026-08-12T08:41:53.310Z] > authorizing via signed-in user (ermias@fairway.global)
[debug] [2026-08-12T08:41:53.315Z] Checked if tokens are valid: true, expires at: 1786527282133
[debug] [2026-08-12T08:41:53.316Z] Checked if tokens are valid: true, expires at: 1786527282133
[debug] [2026-08-12T08:41:53.316Z] >>> [apiv2][query] GET https://firebaseapphosting.googleapis.com/v1beta/projects/fairway-379dc/locations/-/backends 
[debug] [2026-08-12T08:41:54.469Z] <<< [apiv2][status] GET https://firebaseapphosting.googleapis.com/v1beta/projects/fairway-379dc/locations/-/backends 200
[debug] [2026-08-12T08:41:54.469Z] <<< [apiv2][body] GET https://firebaseapphosting.googleapis.com/v1beta/projects/fairway-379dc/locations/-/backends {"backends":[{"name":"projects/fairway-379dc/locations/europe-west4/backends/fairway-aurora","createTime":"2026-08-12T08:40:20.235072020Z","updateTime":"2026-08-12T08:40:20.720582Z","labels":{"deployment-tool":"cli-firebase"},"uri":"fairway-aurora--fairway-379dc.europe-west4.hosted.app","uid":"e4debfc6-041c-491a-ad69-555f915a4efd","etag":"nbUMNhYAp1TDsiQKEZbjg_-uMqHU_k70zjW8hSW7tYo","reconciling":false,"servingLocality":"GLOBAL_ACCESS","serviceAccount":"firebase-app-hosting-compute@fairway-379dc.iam.gserviceaccount.com","appId":"1:636631849709:web:70d0b401a67379122fcae4","runtime":{"value":"nodejs22"}},{"name":"projects/fairway-379dc/locations/europe-west4/backends/aurora-backend","createTime":"2026-08-12T08:40:04.463829393Z","updateTime":"2026-08-12T08:40:04.953149Z","labels":{"deployment-tool":"cli-firebase"},"uri":"aurora-backend--fairway-379dc.europe-west4.hosted.app","uid":"1a70e807-4837-40ea-869e-1fd5c3e0fbb1","etag":"trJ8XJEJiuCjidrJTjF6gZaKWboR14TAeI6g_1xjEpE","reconciling":false,"servingLocality":"GLOBAL_ACCESS","serviceAccount":"firebase-app-hosting-compute@fairway-379dc.iam.gserviceaccount.com","appId":"1:636631849709:web:609d4faf6b2ca8fd2fcae4"},{"name":"projects/fairway-379dc/locations/us-east4/backends/my-web-app","createTime":"2026-08-12T08:41:03.837376352Z","updateTime":"2026-08-12T08:41:04.198947Z","labels":{"deployment-tool":"cli-firebase"},"uri":"my-web-app--fairway-379dc.us-east4.hosted.app","uid":"91649a96-7d0a-4ff9-9f74-87d91946064c","etag":"2ug9nyilVkAxOoPWVgOMbt2OAyKyi8OQONRi69T6bX0","reconciling":false,"servingLocality":"GLOBAL_ACCESS","serviceAccount":"firebase-app-hosting-compute@fairway-379dc.iam.gserviceaccount.com","appId":"1:636631849709:web:87a527d4edb9ecb92fcae4","runtime":{"value":"nodejs"}}]}
[warn] ⚠  You are about to permanently delete these backend(s): 
[info] ┌────────────┬────────────┬───────────────────────────────────────────────────────┬────────────────┬──────────┬─────────┬─────────────────────┐
│ Backend    │ Repository │ URL                                                   │ Primary Region │ ABIU     │ Runtime │ Updated Date        │
├────────────┼────────────┼───────────────────────────────────────────────────────┼────────────────┼──────────┼─────────┼─────────────────────┤
│ my-web-app │            │ https://my-web-app--fairway-379dc.us-east4.hosted.app │ us-east4       │ Disabled │ nodejs  │ 2026-08-12 11:41:04 │
└────────────┴────────────┴───────────────────────────────────────────────────────┴────────────────┴──────────┴─────────┴─────────────────────┘
[debug] [2026-08-12T08:41:54.483Z] Checked if tokens are valid: true, expires at: 1786527282133
[debug] [2026-08-12T08:41:54.483Z] Checked if tokens are valid: true, expires at: 1786527282133
[debug] [2026-08-12T08:41:54.483Z] >>> [apiv2][query] DELETE https://firebaseapphosting.googleapis.com/v1beta/projects/fairway-379dc/locations/us-east4/backends/my-web-app force=true
[debug] [2026-08-12T08:41:55.182Z] <<< [apiv2][status] DELETE https://firebaseapphosting.googleapis.com/v1beta/projects/fairway-379dc/locations/us-east4/backends/my-web-app 200
[debug] [2026-08-12T08:41:55.182Z] <<< [apiv2][body] DELETE https://firebaseapphosting.googleapis.com/v1beta/projects/fairway-379dc/locations/us-east4/backends/my-web-app {"name":"projects/fairway-379dc/locations/us-east4/operations/operation-1786524115168-658d58f446cea-910bac1c-f30f5706","metadata":{"@type":"type.googleapis.com/google.firebase.apphosting.v1beta.OperationMetadata","createTime":"2026-08-12T08:41:55.177377976Z","target":"projects/fairway-379dc/locations/us-east4/backends/my-web-app","verb":"delete","requestedCancellation":false,"apiVersion":"v1beta"},"done":false}
[debug] [2026-08-12T08:41:55.184Z] Checked if tokens are valid: true, expires at: 1786527282133
[debug] [2026-08-12T08:41:55.184Z] Checked if tokens are valid: true, expires at: 1786527282133
[debug] [2026-08-12T08:41:55.184Z] >>> [apiv2][query] GET https://firebaseapphosting.googleapis.com/v1beta/projects/fairway-379dc/locations/us-east4/operations/operation-1786524115168-658d58f446cea-910bac1c-f30f5706 [none]
[debug] [2026-08-12T08:41:55.920Z] <<< [apiv2][status] GET https://firebaseapphosting.googleapis.com/v1beta/projects/fairway-379dc/locations/us-east4/operations/operation-1786524115168-658d58f446cea-910bac1c-f30f5706 200
[debug] [2026-08-12T08:41:55.920Z] <<< [apiv2][body] GET https://firebaseapphosting.googleapis.com/v1beta/projects/fairway-379dc/locations/us-east4/operations/operation-1786524115168-658d58f446cea-910bac1c-f30f5706 {"name":"projects/fairway-379dc/locations/us-east4/operations/operation-1786524115168-658d58f446cea-910bac1c-f30f5706","metadata":{"@type":"type.googleapis.com/google.firebase.apphosting.v1beta.OperationMetadata","createTime":"2026-08-12T08:41:55.177377976Z","target":"projects/fairway-379dc/locations/us-east4/backends/my-web-app","verb":"delete","requestedCancellation":false,"apiVersion":"v1beta"},"done":false}
[debug] [2026-08-12T08:41:56.421Z] [delete-fairway-379dc-us-east4-my-web-app] Retrying task index 0
[debug] [2026-08-12T08:41:56.422Z] Checked if tokens are valid: true, expires at: 1786527282133
[debug] [2026-08-12T08:41:56.423Z] Checked if tokens are valid: true, expires at: 1786527282133
[debug] [2026-08-12T08:41:56.423Z] >>> [apiv2][query] GET https://firebaseapphosting.googleapis.com/v1beta/projects/fairway-379dc/locations/us-east4/operations/operation-1786524115168-658d58f446cea-910bac1c-f30f5706 [none]
[debug] [2026-08-12T08:41:57.114Z] <<< [apiv2][status] GET https://firebaseapphosting.googleapis.com/v1beta/projects/fairway-379dc/locations/us-east4/operations/operation-1786524115168-658d58f446cea-910bac1c-f30f5706 200
[debug] [2026-08-12T08:41:57.115Z] <<< [apiv2][body] GET https://firebaseapphosting.googleapis.com/v1beta/projects/fairway-379dc/locations/us-east4/operations/operation-1786524115168-658d58f446cea-910bac1c-f30f5706 {"name":"projects/fairway-379dc/locations/us-east4/operations/operation-1786524115168-658d58f446cea-910bac1c-f30f5706","metadata":{"@type":"type.googleapis.com/google.firebase.apphosting.v1beta.OperationMetadata","createTime":"2026-08-12T08:41:55.177377976Z","target":"projects/fairway-379dc/locations/us-east4/backends/my-web-app","verb":"delete","requestedCancellation":false,"apiVersion":"v1beta"},"done":false}
[debug] [2026-08-12T08:41:58.116Z] [delete-fairway-379dc-us-east4-my-web-app] Retrying task index 0
[debug] [2026-08-12T08:41:58.116Z] Checked if tokens are valid: true, expires at: 1786527282133
[debug] [2026-08-12T08:41:58.117Z] Checked if tokens are valid: true, expires at: 1786527282133
[debug] [2026-08-12T08:41:58.117Z] >>> [apiv2][query] GET https://firebaseapphosting.googleapis.com/v1beta/projects/fairway-379dc/locations/us-east4/operations/operation-1786524115168-658d58f446cea-910bac1c-f30f5706 [none]
[debug] [2026-08-12T08:41:58.778Z] <<< [apiv2][status] GET https://firebaseapphosting.googleapis.com/v1beta/projects/fairway-379dc/locations/us-east4/operations/operation-1786524115168-658d58f446cea-910bac1c-f30f5706 200
[debug] [2026-08-12T08:41:58.778Z] <<< [apiv2][body] GET https://firebaseapphosting.googleapis.com/v1beta/projects/fairway-379dc/locations/us-east4/operations/operation-1786524115168-658d58f446cea-910bac1c-f30f5706 {"name":"projects/fairway-379dc/locations/us-east4/operations/operation-1786524115168-658d58f446cea-910bac1c-f30f5706","metadata":{"@type":"type.googleapis.com/google.firebase.apphosting.v1beta.OperationMetadata","createTime":"2026-08-12T08:41:55.177377976Z","target":"projects/fairway-379dc/locations/us-east4/backends/my-web-app","verb":"delete","requestedCancellation":false,"apiVersion":"v1beta"},"done":false}
[debug] [2026-08-12T08:42:00.780Z] [delete-fairway-379dc-us-east4-my-web-app] Retrying task index 0
[debug] [2026-08-12T08:42:00.781Z] Checked if tokens are valid: true, expires at: 1786527282133
[debug] [2026-08-12T08:42:00.781Z] Checked if tokens are valid: true, expires at: 1786527282133
[debug] [2026-08-12T08:42:00.782Z] >>> [apiv2][query] GET https://firebaseapphosting.googleapis.com/v1beta/projects/fairway-379dc/locations/us-east4/operations/operation-1786524115168-658d58f446cea-910bac1c-f30f5706 [none]
[debug] [2026-08-12T08:42:01.441Z] <<< [apiv2][status] GET https://firebaseapphosting.googleapis.com/v1beta/projects/fairway-379dc/locations/us-east4/operations/operation-1786524115168-658d58f446cea-910bac1c-f30f5706 200
[debug] [2026-08-12T08:42:01.442Z] <<< [apiv2][body] GET https://firebaseapphosting.googleapis.com/v1beta/projects/fairway-379dc/locations/us-east4/operations/operation-1786524115168-658d58f446cea-910bac1c-f30f5706 {"name":"projects/fairway-379dc/locations/us-east4/operations/operation-1786524115168-658d58f446cea-910bac1c-f30f5706","metadata":{"@type":"type.googleapis.com/google.firebase.apphosting.v1beta.OperationMetadata","createTime":"2026-08-12T08:41:55.177377976Z","target":"projects/fairway-379dc/locations/us-east4/backends/my-web-app","verb":"delete","requestedCancellation":false,"apiVersion":"v1beta"},"done":false}
[debug] [2026-08-12T08:42:05.442Z] [delete-fairway-379dc-us-east4-my-web-app] Retrying task index 0
[debug] [2026-08-12T08:42:05.443Z] Checked if tokens are valid: true, expires at: 1786527282133
[debug] [2026-08-12T08:42:05.443Z] Checked if tokens are valid: true, expires at: 1786527282133
[debug] [2026-08-12T08:42:05.444Z] >>> [apiv2][query] GET https://firebaseapphosting.googleapis.com/v1beta/projects/fairway-379dc/locations/us-east4/operations/operation-1786524115168-658d58f446cea-910bac1c-f30f5706 [none]
[debug] [2026-08-12T08:42:06.115Z] <<< [apiv2][status] GET https://firebaseapphosting.googleapis.com/v1beta/projects/fairway-379dc/locations/us-east4/operations/operation-1786524115168-658d58f446cea-910bac1c-f30f5706 200
[debug] [2026-08-12T08:42:06.115Z] <<< [apiv2][body] GET https://firebaseapphosting.googleapis.com/v1beta/projects/fairway-379dc/locations/us-east4/operations/operation-1786524115168-658d58f446cea-910bac1c-f30f5706 {"name":"projects/fairway-379dc/locations/us-east4/operations/operation-1786524115168-658d58f446cea-910bac1c-f30f5706","metadata":{"@type":"type.googleapis.com/google.firebase.apphosting.v1beta.OperationMetadata","createTime":"2026-08-12T08:41:55.177377976Z","target":"projects/fairway-379dc/locations/us-east4/backends/my-web-app","verb":"delete","requestedCancellation":false,"apiVersion":"v1beta"},"done":false}
[debug] [2026-08-12T08:42:14.116Z] [delete-fairway-379dc-us-east4-my-web-app] Retrying task index 0
[debug] [2026-08-12T08:42:14.117Z] Checked if tokens are valid: true, expires at: 1786527282133
[debug] [2026-08-12T08:42:14.117Z] Checked if tokens are valid: true, expires at: 1786527282133
[debug] [2026-08-12T08:42:14.117Z] >>> [apiv2][query] GET https://firebaseapphosting.googleapis.com/v1beta/projects/fairway-379dc/locations/us-east4/operations/operation-1786524115168-658d58f446cea-910bac1c-f30f5706 [none]
[debug] [2026-08-12T08:42:14.785Z] <<< [apiv2][status] GET https://firebaseapphosting.googleapis.com/v1beta/projects/fairway-379dc/locations/us-east4/operations/operation-1786524115168-658d58f446cea-910bac1c-f30f5706 200
